
thread 'main' panicked at /harness/hidden.rs:5:149:
injected destructor panic
note: run with `RUST_BACKTRACE=1` environment variable to display a backtrace
note: in Miri, you may have to set `MIRIFLAGS=-Zmiri-env-forward=RUST_BACKTRACE` for the environment variable to have an effect

thread 'main' panicked at /harness/hidden.rs:5:149:
injected destructor panic

thread 'main' panicked at /harness/hidden.rs:5:149:
injected destructor panic

thread 'main' panicked at /harness/hidden.rs:5:149:
injected destructor panic

thread 'main' panicked at /harness/hidden.rs:5:149:
injected destructor panic

thread 'main' panicked at /harness/hidden.rs:5:149:
injected destructor panic

thread 'main' panicked at /harness/hidden.rs:5:149:
injected destructor panic

thread 'main' panicked at /harness/hidden.rs:5:149:
injected destructor panic

thread 'main' panicked at /harness/hidden.rs:5:149:
injected destructor panic

thread 'main' panicked at /harness/hidden.rs:5:149:
injected destructor panic

thread 'main' panicked at /harness/hidden.rs:5:149:
injected destructor panic

thread 'main' panicked at /harness/hidden.rs:5:149:
injected destructor panic

thread 'main' panicked at /harness/hidden.rs:5:149:
injected destructor panic

thread 'main' panicked at /harness/hidden.rs:5:149:
injected destructor panic

thread 'main' panicked at /harness/hidden.rs:5:149:
injected destructor panic

thread 'main' panicked at /harness/hidden.rs:5:149:
injected destructor panic

thread 'main' panicked at /source/src/chunks.rs:965:9:
cannot commit more than chunk size
